========================
Timestamp: 2025-10-17 01:21:11

Uptime:
 01:21:11 up  1:31,  2 users,  load average: 0.64, 0.62, 0.37

Memory (free -h):
               total        used        free      shared  buff/cache   available
Mem:           9.3Gi       3.8Gi       3.5Gi        60Mi       2.3Gi       5.4Gi
Swap:             0B          0B          0B

Disk (df -h):
Filesystem      Size  Used Avail Use% Mounted on
tmpfs           951M  1.9M  950M   1% /run
/dev/sda2        39G  6.4G   31G  18% /
tmpfs           4.7G     0  4.7G   0% /dev/shm
tmpfs           5.0M  8.0K  5.0M   1% /run/lock
tmpfs           4.7G  3.8M  4.7G   1% /tmp
tmpfs           1.0M     0  1.0M   0% /run/credentials/systemd-journald.service
tmpfs           1.0M     0  1.0M   0% /run/credentials/systemd-resolved.service
tmpfs           951M  156K  951M   1% /run/user/1000

========================
Timestamp: 2025-10-17 01:25:01

Uptime:
 01:25:01 up  1:35,  2 users,  load average: 0.35, 0.52, 0.38

Memory (free -h):
               total        used        free      shared  buff/cache   available
Mem:           9.3Gi       3.6Gi       3.7Gi        60Mi       2.3Gi       5.7Gi
Swap:             0B          0B          0B

Disk (df -h):
Filesystem      Size  Used Avail Use% Mounted on
tmpfs           951M  1.9M  950M   1% /run
/dev/sda2        39G  6.4G   31G  18% /
tmpfs           4.7G     0  4.7G   0% /dev/shm
tmpfs           5.0M  8.0K  5.0M   1% /run/lock
tmpfs           4.7G  3.8M  4.7G   1% /tmp
tmpfs           1.0M     0  1.0M   0% /run/credentials/systemd-journald.service
tmpfs           1.0M     0  1.0M   0% /run/credentials/systemd-resolved.service
tmpfs           951M  156K  951M   1% /run/user/1000

========================
Timestamp: 2025-10-17 01:26:01

Uptime:
 01:26:01 up  1:36,  2 users,  load average: 0.12, 0.42, 0.35

Memory (free -h):
               total        used        free      shared  buff/cache   available
Mem:           9.3Gi       3.6Gi       3.7Gi        60Mi       2.3Gi       5.7Gi
Swap:             0B          0B          0B

Disk (df -h):
Filesystem      Size  Used Avail Use% Mounted on
tmpfs           951M  1.9M  950M   1% /run
/dev/sda2        39G  6.4G   31G  18% /
tmpfs           4.7G     0  4.7G   0% /dev/shm
tmpfs           5.0M  8.0K  5.0M   1% /run/lock
tmpfs           4.7G  3.8M  4.7G   1% /tmp
tmpfs           1.0M     0  1.0M   0% /run/credentials/systemd-journald.service
tmpfs           1.0M     0  1.0M   0% /run/credentials/systemd-resolved.service
tmpfs           951M  156K  951M   1% /run/user/1000

========================
Timestamp: 2025-10-17 01:27:01

Uptime:
 01:27:01 up  1:37,  2 users,  load average: 0.48, 0.44, 0.36

Memory (free -h):
               total        used        free      shared  buff/cache   available
Mem:           9.3Gi       3.6Gi       3.7Gi        60Mi       2.3Gi       5.7Gi
Swap:             0B          0B          0B

Disk (df -h):
Filesystem      Size  Used Avail Use% Mounted on
tmpfs           951M  1.9M  950M   1% /run
/dev/sda2        39G  6.4G   31G  18% /
tmpfs           4.7G     0  4.7G   0% /dev/shm
tmpfs           5.0M  8.0K  5.0M   1% /run/lock
tmpfs           4.7G  3.8M  4.7G   1% /tmp
tmpfs           1.0M     0  1.0M   0% /run/credentials/systemd-journald.service
tmpfs           1.0M     0  1.0M   0% /run/credentials/systemd-resolved.service
tmpfs           951M  156K  951M   1% /run/user/1000

========================
Timestamp: 2025-10-17 01:28:01

Uptime:
 01:28:01 up  1:38,  2 users,  load average: 0.88, 0.58, 0.42

Memory (free -h):
               total        used        free      shared  buff/cache   available
Mem:           9.3Gi       4.0Gi       3.3Gi        61Mi       2.3Gi       5.3Gi
Swap:             0B          0B          0B

Disk (df -h):
Filesystem      Size  Used Avail Use% Mounted on
tmpfs           951M  1.9M  950M   1% /run
/dev/sda2        39G  6.4G   31G  18% /
tmpfs           4.7G     0  4.7G   0% /dev/shm
tmpfs           5.0M  8.0K  5.0M   1% /run/lock
tmpfs           4.7G  3.8M  4.7G   1% /tmp
tmpfs           1.0M     0  1.0M   0% /run/credentials/systemd-journald.service
tmpfs           1.0M     0  1.0M   0% /run/credentials/systemd-resolved.service
tmpfs           951M  156K  951M   1% /run/user/1000

========================
Timestamp: 2025-10-17 01:29:01

Uptime:
 01:29:01 up  1:39,  2 users,  load average: 1.22, 0.72, 0.48

Memory (free -h):
               total        used        free      shared  buff/cache   available
Mem:           9.3Gi       3.7Gi       3.6Gi        61Mi       2.3Gi       5.6Gi
Swap:             0B          0B          0B

Disk (df -h):
Filesystem      Size  Used Avail Use% Mounted on
tmpfs           951M  1.9M  950M   1% /run
/dev/sda2        39G  6.4G   31G  18% /
tmpfs           4.7G     0  4.7G   0% /dev/shm
tmpfs           5.0M  8.0K  5.0M   1% /run/lock
tmpfs           4.7G  3.8M  4.7G   1% /tmp
tmpfs           1.0M     0  1.0M   0% /run/credentials/systemd-journald.service
tmpfs           1.0M     0  1.0M   0% /run/credentials/systemd-resolved.service
tmpfs           951M  156K  951M   1% /run/user/1000

========================
Timestamp: 2025-10-17 01:30:01

Uptime:
 01:30:01 up  1:40,  2 users,  load average: 0.84, 0.71, 0.49

Memory (free -h):
               total        used        free      shared  buff/cache   available
Mem:           9.3Gi       3.7Gi       3.6Gi        61Mi       2.3Gi       5.6Gi
Swap:             0B          0B          0B

Disk (df -h):
Filesystem      Size  Used Avail Use% Mounted on
tmpfs           951M  1.9M  950M   1% /run
/dev/sda2        39G  6.4G   31G  18% /
tmpfs           4.7G     0  4.7G   0% /dev/shm
tmpfs           5.0M  8.0K  5.0M   1% /run/lock
tmpfs           4.7G  3.8M  4.7G   1% /tmp
tmpfs           1.0M     0  1.0M   0% /run/credentials/systemd-journald.service
tmpfs           1.0M     0  1.0M   0% /run/credentials/systemd-resolved.service
tmpfs           951M  156K  951M   1% /run/user/1000

